// Jest Snapshot v1, https://goo.gl/fbAQLP

exports[`renders correctly 1`] = `
<video
  className="player__video"
  muted={false}
  poster="poster"
  src="src"
/>
`;
