// Jest Snapshot v1, https://goo.gl/fbAQLP

exports[`renders correctly 1`] = `
<div
  className="user-page"
>
  Header
  <section
    className="catalog"
  >
    <h2
      className="catalog__title visually-hidden"
    >
      Catalog
    </h2>
    <div
      className="catalog__movies-list"
    >
      <article
        className="small-movie-card catalog__movies-card"
        onClick={[Function]}
        onMouseEnter={[Function]}
        onMouseLeave={[Function]}
      >
        <div
          className="small-movie-card__image"
        >
          <video
            className="player__video"
            muted={true}
            poster="https://htmlacademy-react-2.appspot.com/wtw/static/film/poster/War_of_the_Worlds.jpg"
            src="https://download.blender.org/durian/trailer/sintel_trailer-480p.mp4"
          />
        </div>
        <h3
          className="small-movie-card__title"
        >
          <a
            className="small-movie-card__link"
            href="#"
            onClick={[Function]}
          >
            War of the Worlds
          </a>
        </h3>
      </article>
      <article
        className="small-movie-card catalog__movies-card"
        onClick={[Function]}
        onMouseEnter={[Function]}
        onMouseLeave={[Function]}
      >
        <div
          className="small-movie-card__image"
        >
          <video
            className="player__video"
            muted={true}
            poster="https://htmlacademy-react-2.appspot.com/wtw/static/film/poster/bronson.jpg"
            src="https://download.blender.org/durian/trailer/sintel_trailer-480p.mp4"
          />
        </div>
        <h3
          className="small-movie-card__title"
        >
          <a
            className="small-movie-card__link"
            href="#"
            onClick={[Function]}
          >
            Bronson
          </a>
        </h3>
      </article>
    </div>
  </section>
  <footer
    className="page-footer"
  >
    <div
      className="logo"
    >
      <a
        className="logo__link logo__link--light"
      >
        <span
          className="logo__letter logo__letter--1"
        >
          W
        </span>
        <span
          className="logo__letter logo__letter--2"
        >
          T
        </span>
        <span
          className="logo__letter logo__letter--3"
        >
          W
        </span>
      </a>
    </div>
    <div
      className="copyright"
    >
      <p>
        Â© 
        2019
         What to watch Ltd.
      </p>
    </div>
  </footer>
</div>
`;
