// Jest Snapshot v1, https://goo.gl/fbAQLP

exports[`renders correctly 1`] = `
<section
  className="movie-card movie-card--full"
>
  <div
    className="movie-card__header"
  >
    <div
      className="movie-card__bg"
    >
      <img
        alt="War of the Worlds"
        src="https://htmlacademy-react-2.appspot.com/wtw/static/film/background/War_of_the_Worlds.jpg"
      />
    </div>
    Header
    <div
      className="movie-card__poster movie-card__poster--small"
    >
      <img
        alt="War of the Worlds"
        height="327"
        src="https://htmlacademy-react-2.appspot.com/wtw/static/film/poster/War_of_the_Worlds.jpg"
        width="218"
      />
    </div>
  </div>
  <div
    className="add-review"
  >
    <form
      className="add-review__form"
      onSubmit={[Function]}
    >
      <div
        className="rating"
      >
        <div
          className="rating__stars"
        >
          <input
            checked={true}
            className="rating__input"
            id="star-1"
            name="rating"
            onChange={[MockFunction]}
            type="radio"
            value={1}
          />
          <label
            className="rating__label"
            htmlFor="star-1"
            style={
              Object {
                "opacity": 1,
              }
            }
          >
            Rating 
            1
          </label>
          <input
            checked={false}
            className="rating__input"
            id="star-2"
            name="rating"
            onChange={[MockFunction]}
            type="radio"
            value={2}
          />
          <label
            className="rating__label"
            htmlFor="star-2"
            style={
              Object {
                "opacity": 0.5,
              }
            }
          >
            Rating 
            2
          </label>
          <input
            checked={false}
            className="rating__input"
            id="star-3"
            name="rating"
            onChange={[MockFunction]}
            type="radio"
            value={3}
          />
          <label
            className="rating__label"
            htmlFor="star-3"
            style={
              Object {
                "opacity": 0.5,
              }
            }
          >
            Rating 
            3
          </label>
          <input
            checked={false}
            className="rating__input"
            id="star-4"
            name="rating"
            onChange={[MockFunction]}
            type="radio"
            value={4}
          />
          <label
            className="rating__label"
            htmlFor="star-4"
            style={
              Object {
                "opacity": 0.5,
              }
            }
          >
            Rating 
            4
          </label>
          <input
            checked={false}
            className="rating__input"
            id="star-5"
            name="rating"
            onChange={[MockFunction]}
            type="radio"
            value={5}
          />
          <label
            className="rating__label"
            htmlFor="star-5"
            style={
              Object {
                "opacity": 0.5,
              }
            }
          >
            Rating 
            5
          </label>
        </div>
      </div>
      <div
        className="add-review__text"
      >
        <textarea
          className="add-review__textarea"
          name="comment"
          onChange={[MockFunction]}
          placeholder="Review text"
          value="comment"
        />
        <div
          className="add-review__submit"
        >
          <button
            className="add-review__btn"
            type="submit"
          >
            Post
          </button>
        </div>
      </div>
    </form>
  </div>
</section>
`;
