// Jest Snapshot v1, https://goo.gl/fbAQLP

exports[`renders correctly 1`] = `
<article
  className="small-movie-card catalog__movies-card"
  onClick={[Function]}
  onMouseEnter={[Function]}
  onMouseLeave={[Function]}
>
  <div
    className="small-movie-card__image"
  >
    <video
      className="player__video"
      muted={true}
      poster="https://htmlacademy-react-2.appspot.com/wtw/static/film/poster/War_of_the_Worlds.jpg"
      src="https://download.blender.org/durian/trailer/sintel_trailer-480p.mp4"
    />
  </div>
  <h3
    className="small-movie-card__title"
  >
    <a
      className="small-movie-card__link"
      href="#"
      onClick={[Function]}
    >
      War of the Worlds
    </a>
  </h3>
</article>
`;
