// Jest Snapshot v1, https://goo.gl/fbAQLP

exports[`renders correctly 1`] = `
<div
  className="user-page"
>
  Header
  <div
    className="sign-in user-page__content"
  >
    <form
      className="sign-in__form"
      onSubmit={[Function]}
    >
      <div
        className="sign-in__fields"
      >
        <div
          className="sign-in__field "
        >
          <input
            className="sign-in__input"
            id="user-email"
            name="email"
            placeholder="Email address"
            type="email"
          />
          <label
            className="sign-in__label visually-hidden"
            htmlFor="user-email"
          >
            Email address
          </label>
        </div>
        <div
          className="sign-in__field "
        >
          <input
            className="sign-in__input"
            id="user-password"
            name="password"
            placeholder="Password"
            type="password"
          />
          <label
            className="sign-in__label visually-hidden"
            htmlFor="user-password"
          >
            Password
          </label>
        </div>
      </div>
      <div
        className="sign-in__submit"
      >
        <button
          className="sign-in__btn"
          type="submit"
        >
          Sign in
        </button>
      </div>
    </form>
  </div>
  <footer
    className="page-footer"
  >
    <div
      className="logo"
    >
      <a
        className="logo__link logo__link--light"
      >
        <span
          className="logo__letter logo__letter--1"
        >
          W
        </span>
        <span
          className="logo__letter logo__letter--2"
        >
          T
        </span>
        <span
          className="logo__letter logo__letter--3"
        >
          W
        </span>
      </a>
    </div>
    <div
      className="copyright"
    >
      <p>
        Â© 
        2019
         What to watch Ltd.
      </p>
    </div>
  </footer>
</div>
`;
